bcascipc30@bcascipc30:~$ touch a.sh
bcascipc30@bcascipc30:~$ ls
 11239                  'login form.html'
 11260                  'mangesh HTML '
 30.c                    me
 4079                    me.txt
 63.c                    mifile.sh
 abc.txt                 Music
 add.sh                  my
 akshay                  myfile
 akshu                   myfile.sh
 a.sh                    myhtmlfile.html
 a.txt                   my_program.c
 avatar.png              new
 ayush                   new1
 Ayush                   new_one.txt
 bca1                    new.sh
 bca30                   new.txt
'BCA Deparment.html'     no.c
'BCA DEPARMENT.html'     no.sh
'bhagwan baba .html'    ''\'';ofghpdofrjgasgaejtloutgSD'
 Bhagwangad.html         om_4040
 Bhagwangad.png          p1.html
'birds photo.png'        pc.sh
 bjs4040                 Pictures
 bor.sh                  pk.sh
 cade.sql                pm
 call.c                  ppp
 chintu                 'pradip batule.'
 chintu.txt             'pradip batule_files'
 Chintu.txt             'pradip batule.html'
 chintu.txtsdgfdg        pradip.html
 co.sh                   pranil
 Dabhade                 Pranil_4079
 data.txt                pranil.c
 Desktop                 pranil.html
 Documents               pranil.txt
 Downloads               pra.txt
 Exam                    pravin
 examples.desktop        pravin.txt
 fact.py                 priti
 FCFS.c                  Public
 file                    RAHUL-4127
 file1                   ram
 file2                   read
 file2.txt               read.sh
 file3                   rectangle.sh
 file3.txt              'Registation Form.html'
 file4                   s
 file5                   sk.sh
 file.txt                snap
 filexyz.text            sujit
 Firefox_wallpaper.png   sum.sh
 first                  'table create .html'
 forkn.c                 Templates
 fybca                  'Untitled Document 1'
 fybca4012              'Untitled Document 2'
'gaurav .. HTML'         VANI
 header                  var.sh
 hello                   Videos
 hello.txt              'wallpaper 4k bca - Google Search_files'
 irfan321               'wallpaper 4k bca - Google Search.html'
 kkk                     yuvaraj
bcascipc30@bcascipc30:~$ vim a.sh
bcascipc30@bcascipc30:~$ bash a.sh
Enter Pp
p
bcascipc30@bcascipc30:~$ touch sum.c
bcascipc30@bcascipc30:~$ gcc --version
gcc (Ubuntu 7.5.0-3ubuntu1~18.04) 7.5.0
Copyright (C) 2017 Free Software Foundation, Inc.
This is free software; see the source for copying conditions.  There is NO
warranty; not even for MERCHANTABILITY or FITNESS FOR A PARTICULAR PURPOSE.

bcascipc30@bcascipc30:~$ vim sum.c
bcascipc30@bcascipc30:~$ gcc sum.c -o s
/usr/bin/ld: cannot open output file s: Is a directory
collect2: error: ld returned 1 exit status
bcascipc30@bcascipc30:~$ ./s
